// Jest Snapshot v1, https://goo.gl/fbAQLP

exports[`InputDialog should render correctly 1`] = `ReactWrapper {}`;
